// Jest Snapshot v1, https://goo.gl/fbAQLP

exports[`jsonSchemaPlugin model with basic props should properly add \`validator.$jsonSchema\` to both schema and collection 1`] = `
Object {
  "additionalProperties": false,
  "bsonType": "object",
  "properties": Object {
    "_id": Object {
      "bsonType": "objectId",
    },
    "avatar": Object {
      "additionalProperties": false,
      "bsonType": "object",
      "properties": Object {
        "fileName": Object {
          "bsonType": "string",
        },
        "size": Object {
          "bsonType": "long",
        },
      },
    },
    "list": Object {
      "bsonType": "array",
      "items": Object {
        "oneOf": Array [
          Object {
            "bsonType": "string",
          },
          Object {
            "bsonType": "int",
          },
        ],
      },
    },
    "name": Object {
      "bsonType": "string",
    },
  },
  "required": Array [
    "name",
  ],
}
`;

exports[`jsonSchemaPlugin model with nested array should properly add \`validator.$jsonSchema\` to both schema and collection 1`] = `
Object {
  "additionalProperties": false,
  "bsonType": "object",
  "properties": Object {
    "_id": Object {
      "bsonType": "objectId",
    },
    "avatar": Object {
      "additionalProperties": false,
      "bsonType": "object",
      "properties": Object {
        "fileName": Object {
          "bsonType": "string",
        },
        "size": Object {
          "bsonType": "long",
        },
      },
    },
    "list": Object {
      "bsonType": "array",
      "items": Object {
        "oneOf": Array [
          Object {
            "bsonType": "string",
          },
          Object {
            "bsonType": "int",
          },
        ],
      },
    },
    "name": Object {
      "bsonType": "string",
    },
  },
  "required": Array [
    "name",
  ],
}
`;

exports[`jsonSchemaPlugin model with nested object should properly add \`validator.$jsonSchema\` to both schema and collection 1`] = `
Object {
  "additionalProperties": false,
  "bsonType": "object",
  "properties": Object {
    "_id": Object {
      "bsonType": "objectId",
    },
    "avatar": Object {
      "additionalProperties": false,
      "bsonType": "object",
      "properties": Object {
        "fileName": Object {
          "bsonType": "string",
        },
        "size": Object {
          "bsonType": "long",
        },
      },
    },
    "list": Object {
      "bsonType": "array",
      "items": Object {
        "oneOf": Array [
          Object {
            "bsonType": "string",
          },
          Object {
            "bsonType": "int",
          },
        ],
      },
    },
    "name": Object {
      "bsonType": "string",
    },
  },
  "required": Array [
    "name",
  ],
}
`;
