// Jest Snapshot v1, https://goo.gl/fbAQLP

exports[`schemaIndexesPlugin should properly loadModel and create indexes 1`] = `
Array [
  Object {
    "key": Object {
      "_id": 1,
    },
    "name": "_id_",
    "ns": "plugins-schema-indexes-plugin-spec.test_models",
    "v": 2,
  },
  Object {
    "key": Object {
      "username": 1,
    },
    "name": "username_",
    "ns": "plugins-schema-indexes-plugin-spec.test_models",
    "unique": true,
    "v": 2,
  },
  Object {
    "key": Object {
      "phoneNumber": 1,
    },
    "name": "phoneNumber_1",
    "ns": "plugins-schema-indexes-plugin-spec.test_models",
    "v": 2,
  },
  Object {
    "key": Object {
      "email": 1,
    },
    "name": "email",
    "ns": "plugins-schema-indexes-plugin-spec.test_models",
    "v": 2,
  },
]
`;
